--- Terminal on /dev/ttyUSB0 | 115200 8-N-1
--- Available filters and text transformations: debug, default, direct, esp32_exception_decoder, hexlify, log2file, nocontrol, printable, send_on_enter, time
--- More details at https://bit.ly/pio-monitor-filters
--- Quit: Ctrl+C | Menu: Ctrl+T | Help: Ctrl+T followed by Ctrl+H
[WARNING] Timeout waiting for poll
[NLOS] Signal: -80.83 dBm | First Path: -85.08 dBm | Diff: 4.25 dB
[WARNING] Timeout waiting for poll
[NLOS] Signal: -80.86 dBm | First Path: -85.19 dBm | Diff: 4.33 dB
[WARNING] Timeout waiting for poll
[NLOS] Signal: -80.74 dBm | First Path: -85.32 dBm | Diff: 4.59 dB
[WARNING] Timeout waiting for poll
[NLOS] Signal: -81.12 dBm | First Path: -85.56 dBm | Diff: 4.45 dB
[WARNING] Timeout waiting for poll
[NLOS] Signal: -80.68 dBm | First Path: -84.93 dBm | Diff: 4.26 dB
[WARNING] Timeout waiting for poll
[NLOS] Signal: -81.10 dBm | First Path: -84.97 dBm | Diff: 3.86 dB
[WARNING] Timeout waiting for poll
[NLOS] Signal: -81.36 dBm | First Path: -85.37 dBm | Diff: 4.01 dB
[WARNING] Timeout waiting for poll
[NLOS] Signal: -80.83 dBm | First Path: -84.87 dBm | Diff: 4.04 dB
[WARNING] Timeout waiting for poll
[NLOS] Signal: -80.85 dBm | First Path: -84.92 dBm | Diff: 4.08 dB
[WARNING] Timeout waiting for poll
[NLOS] Signal: -80.91 dBm | First Path: -85.33 dBm | Diff: 4.43 dB
[WARNING] Timeout waiting for poll
[NLOS] Signal: -80.75 dBm | First Path: -84.83 dBm | Diff: 4.08 dB
[WARNING] Timeout waiting for poll
[NLOS] Signal: -81.07 dBm | First Path: -85.39 dBm | Diff: 4.32 dB
[WARNING] Timeout waiting for poll
[NLOS] Signal: -80.74 dBm | First Path: -84.89 dBm | Diff: 4.16 dB
[WARNING] Timeout waiting for poll
[NLOS] Signal: -80.89 dBm | First Path: -85.28 dBm | Diff: 4.38 dB
[WARNING] Timeout waiting for poll
[NLOS] Signal: -80.88 dBm | First Path: -85.03 dBm | Diff: 4.15 dB
[WARNING] Timeout waiting for poll
[NLOS] Signal: -80.72 dBm | First Path: -84.89 dBm | Diff: 4.17 dB
[WARNING] Timeout waiting for poll
[NLOS] Signal: -80.89 dBm | First Path: -85.61 dBm | Diff: 4.71 dB
[WARNING] Timeout waiting for poll
[NLOS] Signal: -81.24 dBm | First Path: -85.29 dBm | Diff: 4.05 dB
[WARNING] Timeout waiting for poll
[NLOS] Signal: -81.36 dBm | First Path: -85.57 dBm | Diff: 4.21 dB
[WARNING] Timeout waiting for poll
[NLOS] Signal: -80.86 dBm | First Path: -85.22 dBm | Diff: 4.36 dB
[WARNING] Timeout waiting for poll
[NLOS] Signal: -81.30 dBm | First Path: -85.47 dBm | Diff: 4.17 dB
[WARNING] Timeout waiting for poll
[NLOS] Signal: -80.74 dBm | First Path: -84.92 dBm | Diff: 4.18 dB
[WARNING] Timeout waiting for poll
[NLOS] Signal: -80.79 dBm | First Path: -84.98 dBm | Diff: 4.19 dB
[WARNING] Timeout waiting for poll
[NLOS] Signal: -80.86 dBm | First Path: -85.41 dBm | Diff: 4.55 dB
[WARNING] Timeout waiting for poll
[NLOS] Signal: -80.83 dBm | First Path: -84.83 dBm | Diff: 4.01 dB
[WARNING] Timeout waiting for poll
[NLOS] Signal: -80.79 dBm | First Path: -85.12 dBm | Diff: 4.33 dB
[WARNING] Timeout waiting for poll
[NLOS] Signal: -81.10 dBm | First Path: -85.65 dBm | Diff: 4.55 dB
[WARNING] Timeout waiting for poll
[NLOS] Signal: -81.32 dBm | First Path: -85.86 dBm | Diff: 4.55 dB
[WARNING] Timeout waiting for poll
[NLOS] Signal: -81.37 dBm | First Path: -85.85 dBm | Diff: 4.48 dB
[WARNING] Timeout waiting for poll
[NLOS] Signal: -80.94 dBm | First Path: -84.97 dBm | Diff: 4.03 dB
[WARNING] Timeout waiting for poll
[NLOS] Signal: -80.96 dBm | First Path: -85.36 dBm | Diff: 4.41 dB
[WARNING] Timeout waiting for poll
[NLOS] Signal: -81.50 dBm | First Path: -85.91 dBm | Diff: 4.41 dB
[WARNING] Timeout waiting for poll
[NLOS] Signal: -81.24 dBm | First Path: -85.43 dBm | Diff: 4.19 dB
[WARNING] Timeout waiting for poll
[NLOS] Signal: -80.78 dBm | First Path: -84.73 dBm | Diff: 3.95 dB
[WARNING] Timeout waiting for poll
[NLOS] Signal: -80.81 dBm | First Path: -84.94 dBm | Diff: 4.13 dB
[WARNING] Timeout waiting for poll
[NLOS] Signal: -80.75 dBm | First Path: -84.87 dBm | Diff: 4.13 dB
[WARNING] Timeout waiting for poll
[NLOS] Signal: -81.44 dBm | First Path: -85.78 dBm | Diff: 4.34 dB
[WARNING] Timeout waiting for poll
[NLOS] Signal: -80.83 dBm | First Path: -85.10 dBm | Diff: 4.27 dB
[WARNING] Timeout waiting for poll
[NLOS] Signal: -80.75 dBm | First Path: -84.98 dBm | Diff: 4.23 dB
[WARNING] Timeout waiting for poll
[NLOS] Signal: -80.88 dBm | First Path: -84.95 dBm | Diff: 4.07 dB
[WARNING] Timeout waiting for poll
[NLOS] Signal: -81.23 dBm | First Path: -85.92 dBm | Diff: 4.69 dB
[WARNING] Timeout waiting for poll
[NLOS] Signal: -80.78 dBm | First Path: -84.81 dBm | Diff: 4.03 dB
[WARNING] Timeout waiting for poll
[NLOS] Signal: -80.74 dBm | First Path: -84.96 dBm | Diff: 4.22 dB
[WARNING] Timeout waiting for poll
[NLOS] Signal: -80.83 dBm | First Path: -84.93 dBm | Diff: 4.10 dB
[WARNING] Timeout waiting for poll
[NLOS] Signal: -80.76 dBm | First Path: -85.04 dBm | Diff: 4.28 dB
[WARNING] Timeout waiting for poll
[NLOS] Signal: -80.70 dBm | First Path: -85.16 dBm | Diff: 4.46 dB
[WARNING] Timeout waiting for poll
[NLOS] Signal: -80.74 dBm | First Path: -85.14 dBm | Diff: 4.41 dB
[WARNING] Timeout waiting for poll
[NLOS] Signal: -80.70 dBm | First Path: -84.92 dBm | Diff: 4.22 dB
[WARNING] Timeout waiting for poll
[NLOS] Signal: -80.86 dBm | First Path: -85.05 dBm | Diff: 4.19 dB
[WARNING] Timeout waiting for poll
[NLOS] Signal: -80.81 dBm | First Path: -84.83 dBm | Diff: 4.02 dB
[WARNING] Timeout waiting for poll
[NLOS] Signal: -81.17 dBm | First Path: -85.17 dBm | Diff: 4.00 dB
[WARNING] Timeout waiting for poll
[NLOS] Signal: -80.93 dBm | First Path: -85.65 dBm | Diff: 4.72 dB
[WARNING] Timeout waiting for poll
[NLOS] Signal: -80.84 dBm | First Path: -84.98 dBm | Diff: 4.14 dB
[WARNING] Timeout waiting for poll
[NLOS] Signal: -80.80 dBm | First Path: -85.18 dBm | Diff: 4.39 dB
[WARNING] Timeout waiting for poll
[NLOS] Signal: -81.05 dBm | First Path: -85.25 dBm | Diff: 4.20 dB
[WARNING] Timeout waiting for poll
[NLOS] Signal: -80.81 dBm | First Path: -84.96 dBm | Diff: 4.15 dB
[WARNING] Timeout waiting for poll
[NLOS] Signal: -80.93 dBm | First Path: -85.63 dBm | Diff: 4.70 dB
[WARNING] Timeout waiting for poll
[NLOS] Signal: -81.29 dBm | First Path: -85.83 dBm | Diff: 4.54 dB
[WARNING] Timeout waiting for poll
[NLOS] Signal: -81.27 dBm | First Path: -86.21 dBm | Diff: 4.94 dB
[WARNING] Timeout waiting for poll
[NLOS] Signal: -80.81 dBm | First Path: -85.04 dBm | Diff: 4.23 dB
[WARNING] Timeout waiting for poll
[NLOS] Signal: -80.80 dBm | First Path: -85.10 dBm | Diff: 4.30 dB
[WARNING] Timeout waiting for poll
[NLOS] Signal: -80.83 dBm | First Path: -85.11 dBm | Diff: 4.29 dB
[WARNING] Timeout waiting for poll
[NLOS] Signal: -80.76 dBm | First Path: -84.83 dBm | Diff: 4.07 dB
[WARNING] Timeout waiting for poll
[NLOS] Signal: -80.72 dBm | First Path: -84.95 dBm | Diff: 4.23 dB
[WARNING] Timeout waiting for poll
[WARNING] Timeout waiting for poll
[NLOS] Signal: -81.44 dBm | First Path: -85.87 dBm | Diff: 4.42 dB
[WARNING] Timeout waiting for poll
[WARNING] Timeout waiting for poll
[NLOS] Signal: -80.89 dBm | First Path: -84.97 dBm | Diff: 4.07 dB
[WARNING] Timeout waiting for poll
[NLOS] Signal: -80.91 dBm | First Path: -85.44 dBm | Diff: 4.53 dB
[WARNING] Timeout waiting for poll
[NLOS] Signal: -80.86 dBm | First Path: -85.18 dBm | Diff: 4.32 dB
[WARNING] Timeout waiting for poll
[NLOS] Signal: -80.74 dBm | First Path: -85.02 dBm | Diff: 4.28 dB
[WARNING] Timeout waiting for poll
[WARNING] Timeout waiting for poll
[NLOS] Signal: -81.37 dBm | First Path: -85.36 dBm | Diff: 3.99 dB
[WARNING] Timeout waiting for poll
[NLOS] Signal: -81.16 dBm | First Path: -85.42 dBm | Diff: 4.26 dB
[WARNING] Timeout waiting for poll
[NLOS] Signal: -80.89 dBm | First Path: -84.88 dBm | Diff: 3.99 dB
[WARNING] Timeout waiting for poll
[NLOS] Signal: -80.92 dBm | First Path: -85.22 dBm | Diff: 4.30 dB
[WARNING] Timeout waiting for poll
[NLOS] Signal: -80.85 dBm | First Path: -84.95 dBm | Diff: 4.11 dB
[WARNING] Timeout waiting for poll
[NLOS] Signal: -80.86 dBm | First Path: -85.37 dBm | Diff: 4.51 dB
[WARNING] Timeout waiting for poll
[NLOS] Signal: -81.12 dBm | First Path: -85.58 dBm | Diff: 4.46 dB
[WARNING] Timeout waiting for poll
[NLOS] Signal: -81.14 dBm | First Path: -85.58 dBm | Diff: 4.45 dB
[WARNING] Timeout waiting for poll
[NLOS] Signal: -81.08 dBm | First Path: -85.02 dBm | Diff: 3.94 dB
[WARNING] Timeout waiting for poll
[NLOS] Signal: -80.84 dBm | First Path: -85.06 dBm | Diff: 4.21 dB
[WARNING] Timeout waiting for poll
[NLOS] Signal: -80.72 dBm | First Path: -84.69 dBm | Diff: 3.97 dB
[WARNING] Timeout waiting for poll
[NLOS] Signal: -80.70 dBm | First Path: -84.84 dBm | Diff: 4.14 dB
[WARNING] Timeout waiting for poll
[NLOS] Signal: -80.76 dBm | First Path: -84.91 dBm | Diff: 4.15 dB
[WARNING] Timeout waiting for poll
[NLOS] Signal: -80.93 dBm | First Path: -84.96 dBm | Diff: 4.03 dB
[WARNING] Timeout waiting for poll
[NLOS] Signal: -80.94 dBm | First Path: -85.08 dBm | Diff: 4.14 dB
[WARNING] Timeout waiting for poll
[NLOS] Signal: -81.07 dBm | First Path: -84.95 dBm | Diff: 3.89 dB
[WARNING] Timeout waiting for poll
[NLOS] Signal: -81.32 dBm | First Path: -85.72 dBm | Diff: 4.41 dB
[WARNING] Timeout waiting for poll
[NLOS] Signal: -80.88 dBm | First Path: -85.42 dBm | Diff: 4.54 dB
[WARNING] Timeout waiting for poll
[NLOS] Signal: -80.76 dBm | First Path: -85.01 dBm | Diff: 4.25 dB
[WARNING] Timeout waiting for poll
[NLOS] Signal: -81.19 dBm | First Path: -85.19 dBm | Diff: 3.99 dB
[WARNING] Timeout waiting for poll
[NLOS] Signal: -80.70 dBm | First Path: -84.96 dBm | Diff: 4.26 dB
[WARNING] Timeout waiting for poll
[NLOS] Signal: -80.78 dBm | First Path: -84.72 dBm | Diff: 3.95 dB
[WARNING] Timeout waiting for poll
[NLOS] Signal: -80.68 dBm | First Path: -84.95 dBm | Diff: 4.27 dB
[WARNING] Timeout waiting for poll
[NLOS] Signal: -80.73 dBm | First Path: -84.82 dBm | Diff: 4.09 dB
[WARNING] Timeout waiting for poll
[NLOS] Signal: -80.78 dBm | First Path: -84.97 dBm | Diff: 4.20 dB
[WARNING] Timeout waiting for poll
[NLOS] Signal: -81.20 dBm | First Path: -85.54 dBm | Diff: 4.34 dB
[WARNING] Timeout waiting for poll
[NLOS] Signal: -80.83 dBm | First Path: -84.87 dBm | Diff: 4.04 dB
[WARNING] Timeout waiting for poll
[NLOS] Signal: -81.24 dBm | First Path: -85.13 dBm | Diff: 3.89 dB
[WARNING] Timeout waiting for poll
[NLOS] Signal: -80.75 dBm | First Path: -84.86 dBm | Diff: 4.11 dB
[WARNING] Timeout waiting for poll
[NLOS] Signal: -80.66 dBm | First Path: -85.01 dBm | Diff: 4.35 dB
[WARNING] Timeout waiting for poll
[NLOS] Signal: -81.23 dBm | First Path: -85.28 dBm | Diff: 4.05 dB
[WARNING] Timeout waiting for poll
[NLOS] Signal: -81.02 dBm | First Path: -85.15 dBm | Diff: 4.13 dB
[WARNING] Timeout waiting for poll
[NLOS] Signal: -80.78 dBm | First Path: -84.68 dBm | Diff: 3.90 dB
[WARNING] Timeout waiting for poll
[NLOS] Signal: -80.81 dBm | First Path: -85.06 dBm | Diff: 4.25 dB
[WARNING] Timeout waiting for poll
[NLOS] Signal: -80.86 dBm | First Path: -84.74 dBm | Diff: 3.88 dB
[WARNING] Timeout waiting for poll
[NLOS] Signal: -81.21 dBm | First Path: -85.16 dBm | Diff: 3.95 dB
[WARNING] Timeout waiting for poll
[NLOS] Signal: -80.89 dBm | First Path: -85.20 dBm | Diff: 4.31 dB
[WARNING] Timeout waiting for poll
[NLOS] Signal: -80.78 dBm | First Path: -84.83 dBm | Diff: 4.04 dB
[WARNING] Timeout waiting for poll
[NLOS] Signal: -80.64 dBm | First Path: -84.66 dBm | Diff: 4.02 dB
[WARNING] Timeout waiting for poll
[NLOS] Signal: -80.72 dBm | First Path: -84.95 dBm | Diff: 4.23 dB
[WARNING] Timeout waiting for poll
[NLOS] Signal: -80.80 dBm | First Path: -84.99 dBm | Diff: 4.19 dB
[WARNING] Timeout waiting for poll
[NLOS] Signal: -80.72 dBm | First Path: -84.78 dBm | Diff: 4.07 dB
[WARNING] Timeout waiting for poll
[NLOS] Signal: -80.75 dBm | First Path: -85.12 dBm | Diff: 4.38 dB
[WARNING] Timeout waiting for poll
[NLOS] Signal: -80.79 dBm | First Path: -85.14 dBm | Diff: 4.34 dB
[WARNING] Timeout waiting for poll
[NLOS] Signal: -80.72 dBm | First Path: -84.75 dBm | Diff: 4.04 dB
[WARNING] Timeout waiting for poll
[NLOS] Signal: -80.85 dBm | First Path: -85.20 dBm | Diff: 4.36 dB
[WARNING] Timeout waiting for poll
[NLOS] Signal: -80.97 dBm | First Path: -84.89 dBm | Diff: 3.92 dB
[WARNING] Timeout waiting for poll
[NLOS] Signal: -80.76 dBm | First Path: -84.79 dBm | Diff: 4.04 dB
[WARNING] Timeout waiting for poll
[NLOS] Signal: -80.85 dBm | First Path: -85.51 dBm | Diff: 4.66 dB
[WARNING] Timeout waiting for poll
[NLOS] Signal: -80.82 dBm | First Path: -84.94 dBm | Diff: 4.12 dB
[WARNING] Timeout waiting for poll
[NLOS] Signal: -81.26 dBm | First Path: -85.56 dBm | Diff: 4.30 dB
[WARNING] Timeout waiting for poll
[NLOS] Signal: -81.25 dBm | First Path: -85.94 dBm | Diff: 4.69 dB
[WARNING] Timeout waiting for poll
[NLOS] Signal: -80.99 dBm | First Path: -84.98 dBm | Diff: 3.99 dB
[WARNING] Timeout waiting for poll
[WARNING] Timeout waiting for poll
[NLOS] Signal: -80.91 dBm | First Path: -85.06 dBm | Diff: 4.14 dB
[WARNING] Timeout waiting for poll
[WARNING] Timeout waiting for poll
[NLOS] Signal: -81.38 dBm | First Path: -86.18 dBm | Diff: 4.80 dB
[WARNING] Timeout waiting for poll
[WARNING] Timeout waiting for poll
[NLOS] Signal: -80.80 dBm | First Path: -84.90 dBm | Diff: 4.10 dB
[WARNING] Timeout waiting for poll
[WARNING] Timeout waiting for poll
[NLOS] Signal: -80.83 dBm | First Path: -85.24 dBm | Diff: 4.41 dB
[WARNING] Timeout waiting for poll
[WARNING] Timeout waiting for poll
[NLOS] Signal: -80.94 dBm | First Path: -85.08 dBm | Diff: 4.13 dB
[WARNING] Timeout waiting for poll
[WARNING] Timeout waiting for poll
[NLOS] Signal: -80.81 dBm | First Path: -84.82 dBm | Diff: 4.01 dB
[WARNING] Timeout waiting for poll
[WARNING] Timeout waiting for poll
[NLOS] Signal: -80.88 dBm | First Path: -85.52 dBm | Diff: 4.64 dB
[WARNING] Timeout waiting for poll
[NLOS] Signal: -81.29 dBm | First Path: -85.45 dBm | Diff: 4.16 dB
[WARNING] Timeout waiting for poll
[NLOS] Signal: -81.37 dBm | First Path: -86.01 dBm | Diff: 4.64 dB
[WARNING] Timeout waiting for poll
[NLOS] Signal: -80.80 dBm | First Path: -84.75 dBm | Diff: 3.95 dB
[WARNING] Timeout waiting for poll
[NLOS] Signal: -80.85 dBm | First Path: -84.77 dBm | Diff: 3.92 dB
[WARNING] Timeout waiting for poll
[NLOS] Signal: -80.84 dBm | First Path: -85.38 dBm | Diff: 4.54 dB
[WARNING] Timeout waiting for poll
[NLOS] Signal: -80.76 dBm | First Path: -84.81 dBm | Diff: 4.05 dB
[WARNING] Timeout waiting for poll
[NLOS] Signal: -80.94 dBm | First Path: -84.75 dBm | Diff: 3.81 dB
[WARNING] Timeout waiting for poll
[NLOS] Signal: -81.24 dBm | First Path: -85.96 dBm | Diff: 4.72 dB
[WARNING] Timeout waiting for poll
[NLOS] Signal: -81.20 dBm | First Path: -85.15 dBm | Diff: 3.95 dB
[WARNING] Timeout waiting for poll
[NLOS] Signal: -80.81 dBm | First Path: -84.86 dBm | Diff: 4.05 dB
[WARNING] Timeout waiting for poll
[NLOS] Signal: -80.94 dBm | First Path: -84.95 dBm | Diff: 4.01 dB
[WARNING] Timeout waiting for poll
[NLOS] Signal: -80.82 dBm | First Path: -85.06 dBm | Diff: 4.24 dB
[WARNING] Timeout waiting for poll
[NLOS] Signal: -80.96 dBm | First Path: -84.86 dBm | Diff: 3.90 dB
[WARNING] Timeout waiting for poll
[NLOS] Signal: -80.70 dBm | First Path: -84.96 dBm | Diff: 4.25 dB
[WARNING] Timeout waiting for poll
[NLOS] Signal: -80.80 dBm | First Path: -84.89 dBm | Diff: 4.09 dB
[WARNING] Timeout waiting for poll
[NLOS] Signal: -80.94 dBm | First Path: -84.86 dBm | Diff: 3.92 dB
[WARNING] Timeout waiting for poll
[NLOS] Signal: -80.86 dBm | First Path: -85.22 dBm | Diff: 4.36 dB
[WARNING] Timeout waiting for poll
[NLOS] Signal: -81.07 dBm | First Path: -85.43 dBm | Diff: 4.36 dB
[WARNING] Timeout waiting for poll
[NLOS] Signal: -81.51 dBm | First Path: -85.74 dBm | Diff: 4.23 dB
[WARNING] Timeout waiting for poll
[NLOS] Signal: -80.72 dBm | First Path: -84.79 dBm | Diff: 4.07 dB
[WARNING] Timeout waiting for poll
[NLOS] Signal: -80.76 dBm | First Path: -85.00 dBm | Diff: 4.23 dB
[WARNING] Timeout waiting for poll
[NLOS] Signal: -80.89 dBm | First Path: -85.24 dBm | Diff: 4.34 dB
[WARNING] Timeout waiting for poll
[NLOS] Signal: -81.43 dBm | First Path: -85.83 dBm | Diff: 4.40 dB
[WARNING] Timeout waiting for poll
[NLOS] Signal: -80.98 dBm | First Path: -85.18 dBm | Diff: 4.19 dB
[WARNING] Timeout waiting for poll
[NLOS] Signal: -81.27 dBm | First Path: -85.75 dBm | Diff: 4.48 dB
[WARNING] Timeout waiting for poll
[NLOS] Signal: -80.79 dBm | First Path: -85.08 dBm | Diff: 4.28 dB
[WARNING] Timeout waiting for poll
[NLOS] Signal: -80.82 dBm | First Path: -85.02 dBm | Diff: 4.20 dB
[WARNING] Timeout waiting for poll
[NLOS] Signal: -80.94 dBm | First Path: -85.40 dBm | Diff: 4.46 dB
[WARNING] Timeout waiting for poll
[NLOS] Signal: -81.00 dBm | First Path: -84.84 dBm | Diff: 3.84 dB
[WARNING] Timeout waiting for poll
[NLOS] Signal: -80.91 dBm | First Path: -85.09 dBm | Diff: 4.18 dB
[WARNING] Timeout waiting for poll
[NLOS] Signal: -80.81 dBm | First Path: -84.82 dBm | Diff: 4.01 dB
[WARNING] Timeout waiting for poll
[NLOS] Signal: -80.83 dBm | First Path: -85.16 dBm | Diff: 4.33 dB
[WARNING] Timeout waiting for poll
[NLOS] Signal: -80.88 dBm | First Path: -85.23 dBm | Diff: 4.35 dB
[WARNING] Timeout waiting for poll
[NLOS] Signal: -81.07 dBm | First Path: -85.12 dBm | Diff: 4.06 dB
[WARNING] Timeout waiting for poll
[NLOS] Signal: -80.79 dBm | First Path: -84.96 dBm | Diff: 4.17 dB
[WARNING] Timeout waiting for poll
[NLOS] Signal: -81.44 dBm | First Path: -85.67 dBm | Diff: 4.23 dB
[WARNING] Timeout waiting for poll
[NLOS] Signal: -81.29 dBm | First Path: -85.37 dBm | Diff: 4.08 dB
[WARNING] Timeout waiting for poll
[NLOS] Signal: -80.81 dBm | First Path: -84.88 dBm | Diff: 4.07 dB
[WARNING] Timeout waiting for poll
[NLOS] Signal: -80.80 dBm | First Path: -84.79 dBm | Diff: 3.99 dB
[WARNING] Timeout waiting for poll
[NLOS] Signal: -80.80 dBm | First Path: -84.85 dBm | Diff: 4.05 dB
[WARNING] Timeout waiting for poll
[NLOS] Signal: -80.83 dBm | First Path: -85.33 dBm | Diff: 4.51 dB
[WARNING] Timeout waiting for poll
[NLOS] Signal: -81.16 dBm | First Path: -85.65 dBm | Diff: 4.49 dB
[WARNING] Timeout waiting for poll
[NLOS] Signal: -80.86 dBm | First Path: -84.99 dBm | Diff: 4.13 dB
[WARNING] Timeout waiting for poll
[NLOS] Signal: -81.36 dBm | First Path: -85.89 dBm | Diff: 4.52 dB
[WARNING] Timeout waiting for poll
[NLOS] Signal: -80.76 dBm | First Path: -84.80 dBm | Diff: 4.03 dB
[WARNING] Timeout waiting for poll
[NLOS] Signal: -81.32 dBm | First Path: -85.64 dBm | Diff: 4.32 dB
[WARNING] Timeout waiting for poll
[NLOS] Signal: -83.13 dBm | First Path: -86.10 dBm | Diff: 2.96 dB
[WARNING] Timeout waiting for poll
[NLOS] Signal: -80.86 dBm | First Path: -85.15 dBm | Diff: 4.29 dB
[WARNING] Timeout waiting for poll
[NLOS] Signal: -80.76 dBm | First Path: -84.89 dBm | Diff: 4.13 dB
[WARNING] Timeout waiting for poll
[NLOS] Signal: -81.38 dBm | First Path: -85.77 dBm | Diff: 4.39 dB
[WARNING] Timeout waiting for poll
[NLOS] Signal: -81.20 dBm | First Path: -85.35 dBm | Diff: 4.15 dB
[WARNING] Timeout waiting for poll
[NLOS] Signal: -81.13 dBm | First Path: -85.50 dBm | Diff: 4.38 dB
[WARNING] Timeout waiting for poll
[NLOS] Signal: -80.74 dBm | First Path: -85.25 dBm | Diff: 4.51 dB
[WARNING] Timeout waiting for poll
[NLOS] Signal: -81.30 dBm | First Path: -85.38 dBm | Diff: 4.08 dB
[WARNING] Timeout waiting for poll
[NLOS] Signal: -80.76 dBm | First Path: -85.16 dBm | Diff: 4.40 dB
[WARNING] Timeout waiting for poll
[NLOS] Signal: -80.64 dBm | First Path: -84.63 dBm | Diff: 3.99 dB
[WARNING] Timeout waiting for poll
[NLOS] Signal: -81.36 dBm | First Path: -85.92 dBm | Diff: 4.57 dB
[WARNING] Timeout waiting for poll
[NLOS] Signal: -80.72 dBm | First Path: -84.88 dBm | Diff: 4.16 dB
[WARNING] Timeout waiting for poll
[NLOS] Signal: -80.76 dBm | First Path: -84.87 dBm | Diff: 4.11 dB
[WARNING] Timeout waiting for poll
[NLOS] Signal: -81.16 dBm | First Path: -85.22 dBm | Diff: 4.06 dB
[WARNING] Timeout waiting for poll
[NLOS] Signal: -80.81 dBm | First Path: -85.25 dBm | Diff: 4.44 dB
[WARNING] Timeout waiting for poll
[NLOS] Signal: -81.30 dBm | First Path: -85.43 dBm | Diff: 4.13 dB
[WARNING] Timeout waiting for poll
